<html>
<head>
    <title>My title</title>
</head>
<body>
    <ul>
        <li>1</li>
        <li>secondOne</li>
    </ul>
</body>
</html>